********************************************
*  SURELOG SystemVerilog  Compiler/Linter  *
********************************************

Copyright (c) 2017-2023 Alain Dargelas,
http://www.apache.org/licenses/LICENSE-2.0

VERSION: 1.84
BUILT  : Dec 10 2024
DATE   : 2026-09-12.12:53:12
COMMAND: tmptcsa_0c0.sv -DYOSYS=1 -DSYNTHESIS=1

[INF:CM0023] Creating log file "/root/simulador_fpga/workspace/slpp_all/surelog.log".
[INF:CP0300] Compilation...
[INF:CP0303] /root/simulador_fpga/workspace/tmp5hq9mje6.sv:1:1: Compile module "work@top_system".
[INF:CP0302] Compile class "work@mailbox".
[INF:CP0302] Compile class "work@process".
[INF:CP0300] Compilation...
[INF:CP0303] /root/simulador_fpga/workspace/tmptcsa_0c0.sv:1:1: Compile module "work@top_system".
[INF:CP0302] Compile class "work@semaphore".
[NTE:CP0309] /root/simulador_fpga/workspace/tmp5hq9mje6.sv:5:18: Implicit port type (wire) for "LEDR",
there are 9 more instances of this message.
[INF:EL0526] Design Elaboration...
[NTE:EL0503] /root/simulador_fpga/workspace/tmp5hq9mje6.sv:1:1: Top level module "work@top_system".
[NTE:EL0508] Nb Top level modules: 1.
[NTE:EL0509] Max instance depth: 1.
[NTE:EL0510] Nb instances: 1.
[NTE:EL0511] Nb leaf instances: 1.
[INF:UH0706] Creating UHDM Model...
[INF:UH0707] Elaborating UHDM...
[  FATAL] : 0
[ SYNTAX] : 0
[  ERROR] : 0
[WARNING] : 0
[   NOTE] : 6
[INF:CP0302] Compile class "work@mailbox".
[INF:CP0302] Compile class "work@process".
[INF:CP0302] Compile class "work@semaphore".
[NTE:CP0309] /root/simulador_fpga/workspace/tmptcsa_0c0.sv:5:18: Implicit port type (wire) for "LEDR",
there are 9 more instances of this message.
[INF:EL0526] Design Elaboration...
[NTE:EL0503] /root/simulador_fpga/workspace/tmptcsa_0c0.sv:1:1: Top level module "work@top_system".
[NTE:EL0508] Nb Top level modules: 1.
[NTE:EL0509] Max instance depth: 1.
[NTE:EL0510] Nb instances: 1.
[NTE:EL0511] Nb leaf instances: 1.
[INF:UH0706] Creating UHDM Model...
[INF:UH0707] Elaborating UHDM...
[  FATAL] : 0
[ SYNTAX] : 0
[  ERROR] : 0
[WARNING] : 0
[   NOTE] : 6
