# vsim -c -l sim.log -do "run.tcl" work.tb_sudoku 
# Start time: 21:17:11 on Aug 13,2026
# ** Note: (vsim-3812) Design is being optimized...
# //  Questa Intel Starter FPGA Edition-64
# //  Version 2023.3 linux_x86_64 Jul 17 2023
# //
# //  Copyright 1991-2023 Mentor Graphics Corporation
# //  All Rights Reserved.
# //
# //  QuestaSim and its associated documentation contain trade
# //  secrets and commercial or financial information that are the property of
# //  Mentor Graphics Corporation and are privileged, confidential,
# //  and exempt from disclosure under the Freedom of Information Act,
# //  5 U.S.C. Section 552. Furthermore, this information
# //  is prohibited from disclosure under the Trade Secrets Act,
# //  18 U.S.C. Section 1905.
# //
# Loading sv_std.std
# Loading work.sudoku_pkg(fast)
# Loading work.testbench_sv_unit(fast)
# Loading work.tb_sudoku(fast)
# do run.tcl
# ╔══════════════════════════════════════════╗
# ║   GENERADOR DE SUDOKU  —  RCSG (SV)      ║
# ╚══════════════════════════════════════════╝
# 
# [1/3] Ejecutando randomize()...
# ✔ Sudoku 1 generado correctamente.
# ✔ Validación: Sudoku CORRECTO
# ┌───────┬───────┬───────┐
# │ 5 7 9 │ 2 4 8 │ 1 6 3 │
# │ 2 8 1 │ 3 5 6 │ 4 7 9 │
# │ 3 4 6 │ 1 9 7 │ 8 2 5 │
# ├───────┼───────┼───────┤
# │ 4 5 7 │ 9 6 3 │ 2 8 1 │
# │ 1 3 2 │ 4 8 5 │ 6 9 7 │
# │ 6 9 8 │ 7 1 2 │ 5 3 4 │
# ├───────┼───────┼───────┤
# │ 9 2 5 │ 6 7 4 │ 3 1 8 │
# │ 7 6 4 │ 8 3 1 │ 9 5 2 │
# │ 8 1 3 │ 5 2 9 │ 7 4 6 │
# └───────┴───────┴───────┘
# --- DATOS VISOR ---
# SUDOKU_ROW_0:579248163
# SUDOKU_ROW_1:281356479
# SUDOKU_ROW_2:346197825
# SUDOKU_ROW_3:457963281
# SUDOKU_ROW_4:132485697
# SUDOKU_ROW_5:698712534
# SUDOKU_ROW_6:925674318
# SUDOKU_ROW_7:764831952
# SUDOKU_ROW_8:813529746
# --- FIN DATOS ---
# 
# [2/3] Ejecutando randomize()...
# ✔ Sudoku 2 generado correctamente.
# ✔ Validación: Sudoku CORRECTO
# ┌───────┬───────┬───────┐
# │ 5 1 4 │ 2 9 3 │ 6 7 8 │
# │ 9 2 8 │ 4 6 7 │ 3 1 5 │
# │ 3 7 6 │ 1 5 8 │ 2 4 9 │
# ├───────┼───────┼───────┤
# │ 7 5 9 │ 6 4 1 │ 8 3 2 │
# │ 6 4 2 │ 8 3 9 │ 1 5 7 │
# │ 8 3 1 │ 7 2 5 │ 4 9 6 │
# ├───────┼───────┼───────┤
# │ 1 9 3 │ 5 8 6 │ 7 2 4 │
# │ 4 6 5 │ 3 7 2 │ 9 8 1 │
# │ 2 8 7 │ 9 1 4 │ 5 6 3 │
# └───────┴───────┴───────┘
# --- DATOS VISOR ---
# SUDOKU_ROW_0:514293678
# SUDOKU_ROW_1:928467315
# SUDOKU_ROW_2:376158249
# SUDOKU_ROW_3:759641832
# SUDOKU_ROW_4:642839157
# SUDOKU_ROW_5:831725496
# SUDOKU_ROW_6:193586724
# SUDOKU_ROW_7:465372981
# SUDOKU_ROW_8:287914563
# --- FIN DATOS ---
# 
# [3/3] Ejecutando randomize()...
# ✔ Sudoku 3 generado correctamente.
# ✔ Validación: Sudoku CORRECTO
# ┌───────┬───────┬───────┐
# │ 9 7 6 │ 8 2 1 │ 3 5 4 │
# │ 3 5 2 │ 7 9 4 │ 6 1 8 │
# │ 4 1 8 │ 5 6 3 │ 2 7 9 │
# ├───────┼───────┼───────┤
# │ 6 9 4 │ 1 7 2 │ 8 3 5 │
# │ 5 8 7 │ 3 4 6 │ 1 9 2 │
# │ 2 3 1 │ 9 5 8 │ 7 4 6 │
# ├───────┼───────┼───────┤
# │ 8 2 9 │ 4 1 7 │ 5 6 3 │
# │ 7 4 3 │ 6 8 5 │ 9 2 1 │
# │ 1 6 5 │ 2 3 9 │ 4 8 7 │
# └───────┴───────┴───────┘
# --- DATOS VISOR ---
# SUDOKU_ROW_0:976821354
# SUDOKU_ROW_1:352794618
# SUDOKU_ROW_2:418563279
# SUDOKU_ROW_3:694172835
# SUDOKU_ROW_4:587346192
# SUDOKU_ROW_5:231958746
# SUDOKU_ROW_6:829417563
# SUDOKU_ROW_7:743685921
# SUDOKU_ROW_8:165239487
# --- FIN DATOS ---
# 
# === RESUMEN: 3/3 sudokus generados ===
# ** Note: $finish    : testbench.sv(55)
#    Time: 0 ns  Iteration: 0  Instance: /tb_sudoku
# End time: 21:17:52 on Aug 13,2026, Elapsed time: 0:00:41
# Errors: 0, Warnings: 0
